// Jest Snapshot v1, https://goo.gl/fbAQLP

exports[`AdvancedSetting renders 1`] = `ShallowWrapper {}`;
