// Jest Snapshot v1, https://goo.gl/fbAQLP

exports[`authModal renders 1`] = `ShallowWrapper {}`;
