// Jest Snapshot v1, https://goo.gl/fbAQLP

exports[`balance renders 1`] = `ShallowWrapper {}`;
