// Jest Snapshot v1, https://goo.gl/fbAQLP

exports[`deposit renders 1`] = `ShallowWrapper {}`;
