// Jest Snapshot v1, https://goo.gl/fbAQLP

exports[`footer renders 1`] = `ShallowWrapper {}`;
