// Jest Snapshot v1, https://goo.gl/fbAQLP

exports[`vis-container renders 1`] = `ShallowWrapper {}`;
