// Jest Snapshot v1, https://goo.gl/fbAQLP

exports[`App renders on the page 1`] = `ShallowWrapper {}`;
